
Efinix FPGA Placement and Routing.
Version: 2023.2.307 
Date: Tue Aug 27 09:31:37 2024

Copyright (C) 2013 - 2023 Efinix, Inc. All rights reserved.
 
Family: Trion 
Device: T120F324
Top-level Entity Name: sha_v1
Elapsed time for packing: 0 hours 0 minutes 0 seconds

---------- Resource Summary (begin) ----------
Inputs: 514 / 1076 (47.77%)
Outputs: 256 / 1566 (16.35%)
Clocks: 1 / 16 (6.25%)
Logic Elements: 13455 / 112128 (12.00%)
	LE: LUTs/Adders: 12750 / 112128 (11.37%)
	LE: Registers: 2828 / 107520 (2.63%)
Memory Blocks: 0 / 1056 (0.00%)
Multipliers: 0 / 320 (0.00%)
---------- Resource Summary (end) ----------


---------- IO Placement Summary (begin) ----------

+----------------------+--------------+
| Unassigned Core Pins | Input/Output |
+----------------------+--------------+
|      i_data[0]       |    Input     |
|      i_data[1]       |    Input     |
|      i_data[2]       |    Input     |
|      i_data[3]       |    Input     |
|      i_data[4]       |    Input     |
|      i_data[5]       |    Input     |
|      i_data[6]       |    Input     |
|      i_data[7]       |    Input     |
|      i_data[8]       |    Input     |
|      i_data[9]       |    Input     |
|      i_data[10]      |    Input     |
|      i_data[11]      |    Input     |
|      i_data[12]      |    Input     |
|      i_data[13]      |    Input     |
|      i_data[14]      |    Input     |
|      i_data[15]      |    Input     |
|      i_data[16]      |    Input     |
|      i_data[17]      |    Input     |
|      i_data[18]      |    Input     |
|      i_data[19]      |    Input     |
|      i_data[20]      |    Input     |
|      i_data[21]      |    Input     |
|      i_data[22]      |    Input     |
|      i_data[23]      |    Input     |
|      i_data[24]      |    Input     |
|      i_data[25]      |    Input     |
|      i_data[26]      |    Input     |
|      i_data[27]      |    Input     |
|      i_data[28]      |    Input     |
|      i_data[29]      |    Input     |
|      i_data[30]      |    Input     |
|      i_data[31]      |    Input     |
|      i_data[32]      |    Input     |
|      i_data[33]      |    Input     |
|      i_data[34]      |    Input     |
|      i_data[35]      |    Input     |
|      i_data[36]      |    Input     |
|      i_data[37]      |    Input     |
|      i_data[38]      |    Input     |
|      i_data[39]      |    Input     |
|      i_data[40]      |    Input     |
|      i_data[41]      |    Input     |
|      i_data[42]      |    Input     |
|      i_data[43]      |    Input     |
|      i_data[44]      |    Input     |
|      i_data[45]      |    Input     |
|      i_data[46]      |    Input     |
|      i_data[47]      |    Input     |
|      i_data[48]      |    Input     |
|      i_data[49]      |    Input     |
|      i_data[50]      |    Input     |
|      i_data[51]      |    Input     |
|      i_data[52]      |    Input     |
|      i_data[53]      |    Input     |
|      i_data[54]      |    Input     |
|      i_data[55]      |    Input     |
|      i_data[56]      |    Input     |
|      i_data[57]      |    Input     |
|      i_data[58]      |    Input     |
|      i_data[59]      |    Input     |
|      i_data[60]      |    Input     |
|      i_data[61]      |    Input     |
|      i_data[62]      |    Input     |
|      i_data[63]      |    Input     |
|      i_data[64]      |    Input     |
|      i_data[65]      |    Input     |
|      i_data[66]      |    Input     |
|      i_data[67]      |    Input     |
|      i_data[68]      |    Input     |
|      i_data[69]      |    Input     |
|      i_data[70]      |    Input     |
|      i_data[71]      |    Input     |
|      i_data[72]      |    Input     |
|      i_data[73]      |    Input     |
|      i_data[74]      |    Input     |
|      i_data[75]      |    Input     |
|      i_data[76]      |    Input     |
|      i_data[77]      |    Input     |
|      i_data[78]      |    Input     |
|      i_data[79]      |    Input     |
|      i_data[80]      |    Input     |
|      i_data[81]      |    Input     |
|      i_data[82]      |    Input     |
|      i_data[83]      |    Input     |
|      i_data[84]      |    Input     |
|      i_data[85]      |    Input     |
|      i_data[86]      |    Input     |
|      i_data[87]      |    Input     |
|      i_data[88]      |    Input     |
|      i_data[89]      |    Input     |
|      i_data[90]      |    Input     |
|      i_data[91]      |    Input     |
|      i_data[92]      |    Input     |
|      i_data[93]      |    Input     |
|      i_data[94]      |    Input     |
|      i_data[95]      |    Input     |
|      i_data[96]      |    Input     |
|      i_data[97]      |    Input     |
|      i_data[98]      |    Input     |
|      i_data[99]      |    Input     |
|     i_data[100]      |    Input     |
|     i_data[101]      |    Input     |
|     i_data[102]      |    Input     |
|     i_data[103]      |    Input     |
|     i_data[104]      |    Input     |
|     i_data[105]      |    Input     |
|     i_data[106]      |    Input     |
|     i_data[107]      |    Input     |
|     i_data[108]      |    Input     |
|     i_data[109]      |    Input     |
|     i_data[110]      |    Input     |
|     i_data[111]      |    Input     |
|     i_data[112]      |    Input     |
|     i_data[113]      |    Input     |
|     i_data[114]      |    Input     |
|     i_data[115]      |    Input     |
|     i_data[116]      |    Input     |
|     i_data[117]      |    Input     |
|     i_data[118]      |    Input     |
|     i_data[119]      |    Input     |
|     i_data[120]      |    Input     |
|     i_data[121]      |    Input     |
|     i_data[122]      |    Input     |
|     i_data[123]      |    Input     |
|     i_data[124]      |    Input     |
|     i_data[125]      |    Input     |
|     i_data[126]      |    Input     |
|     i_data[127]      |    Input     |
|     i_data[128]      |    Input     |
|     i_data[129]      |    Input     |
|     i_data[130]      |    Input     |
|     i_data[131]      |    Input     |
|     i_data[132]      |    Input     |
|     i_data[133]      |    Input     |
|     i_data[134]      |    Input     |
|     i_data[135]      |    Input     |
|     i_data[136]      |    Input     |
|     i_data[137]      |    Input     |
|     i_data[138]      |    Input     |
|     i_data[139]      |    Input     |
|     i_data[140]      |    Input     |
|     i_data[141]      |    Input     |
|     i_data[142]      |    Input     |
|     i_data[143]      |    Input     |
|     i_data[144]      |    Input     |
|     i_data[145]      |    Input     |
|     i_data[146]      |    Input     |
|     i_data[147]      |    Input     |
|     i_data[148]      |    Input     |
|     i_data[149]      |    Input     |
|     i_data[150]      |    Input     |
|     i_data[151]      |    Input     |
|     i_data[152]      |    Input     |
|     i_data[153]      |    Input     |
|     i_data[154]      |    Input     |
|     i_data[155]      |    Input     |
|     i_data[156]      |    Input     |
|     i_data[157]      |    Input     |
|     i_data[158]      |    Input     |
|     i_data[159]      |    Input     |
|     i_data[160]      |    Input     |
|     i_data[161]      |    Input     |
|     i_data[162]      |    Input     |
|     i_data[163]      |    Input     |
|     i_data[164]      |    Input     |
|     i_data[165]      |    Input     |
|     i_data[166]      |    Input     |
|     i_data[167]      |    Input     |
|     i_data[168]      |    Input     |
|     i_data[169]      |    Input     |
|     i_data[170]      |    Input     |
|     i_data[171]      |    Input     |
|     i_data[172]      |    Input     |
|     i_data[173]      |    Input     |
|     i_data[174]      |    Input     |
|     i_data[175]      |    Input     |
|     i_data[176]      |    Input     |
|     i_data[177]      |    Input     |
|     i_data[178]      |    Input     |
|     i_data[179]      |    Input     |
|     i_data[180]      |    Input     |
|     i_data[181]      |    Input     |
|     i_data[182]      |    Input     |
|     i_data[183]      |    Input     |
|     i_data[184]      |    Input     |
|     i_data[185]      |    Input     |
|     i_data[186]      |    Input     |
|     i_data[187]      |    Input     |
|     i_data[188]      |    Input     |
|     i_data[189]      |    Input     |
|     i_data[190]      |    Input     |
|     i_data[191]      |    Input     |
|     i_data[192]      |    Input     |
|     i_data[193]      |    Input     |
|     i_data[194]      |    Input     |
|     i_data[195]      |    Input     |
|     i_data[196]      |    Input     |
|     i_data[197]      |    Input     |
|     i_data[198]      |    Input     |
|     i_data[199]      |    Input     |
|     i_data[200]      |    Input     |
|     i_data[201]      |    Input     |
|     i_data[202]      |    Input     |
|     i_data[203]      |    Input     |
|     i_data[204]      |    Input     |
|     i_data[205]      |    Input     |
|     i_data[206]      |    Input     |
|     i_data[207]      |    Input     |
|     i_data[208]      |    Input     |
|     i_data[209]      |    Input     |
|     i_data[210]      |    Input     |
|     i_data[211]      |    Input     |
|     i_data[212]      |    Input     |
|     i_data[213]      |    Input     |
|     i_data[214]      |    Input     |
|     i_data[215]      |    Input     |
|     i_data[216]      |    Input     |
|     i_data[217]      |    Input     |
|     i_data[218]      |    Input     |
|     i_data[219]      |    Input     |
|     i_data[220]      |    Input     |
|     i_data[221]      |    Input     |
|     i_data[222]      |    Input     |
|     i_data[223]      |    Input     |
|     i_data[224]      |    Input     |
|     i_data[225]      |    Input     |
|     i_data[226]      |    Input     |
|     i_data[227]      |    Input     |
|     i_data[228]      |    Input     |
|     i_data[229]      |    Input     |
|     i_data[230]      |    Input     |
|     i_data[231]      |    Input     |
|     i_data[232]      |    Input     |
|     i_data[233]      |    Input     |
|     i_data[234]      |    Input     |
|     i_data[235]      |    Input     |
|     i_data[236]      |    Input     |
|     i_data[237]      |    Input     |
|     i_data[238]      |    Input     |
|     i_data[239]      |    Input     |
|     i_data[240]      |    Input     |
|     i_data[241]      |    Input     |
|     i_data[242]      |    Input     |
|     i_data[243]      |    Input     |
|     i_data[244]      |    Input     |
|     i_data[245]      |    Input     |
|     i_data[246]      |    Input     |
|     i_data[247]      |    Input     |
|     i_data[248]      |    Input     |
|     i_data[249]      |    Input     |
|     i_data[250]      |    Input     |
|     i_data[251]      |    Input     |
|     i_data[252]      |    Input     |
|     i_data[253]      |    Input     |
|     i_data[254]      |    Input     |
|     i_data[255]      |    Input     |
|     i_data[256]      |    Input     |
|     i_data[257]      |    Input     |
|     i_data[258]      |    Input     |
|     i_data[259]      |    Input     |
|     i_data[260]      |    Input     |
|     i_data[261]      |    Input     |
|     i_data[262]      |    Input     |
|     i_data[263]      |    Input     |
|     i_data[264]      |    Input     |
|     i_data[265]      |    Input     |
|     i_data[266]      |    Input     |
|     i_data[267]      |    Input     |
|     i_data[268]      |    Input     |
|     i_data[269]      |    Input     |
|     i_data[270]      |    Input     |
|     i_data[271]      |    Input     |
|     i_data[272]      |    Input     |
|     i_data[273]      |    Input     |
|     i_data[274]      |    Input     |
|     i_data[275]      |    Input     |
|     i_data[276]      |    Input     |
|     i_data[277]      |    Input     |
|     i_data[278]      |    Input     |
|     i_data[279]      |    Input     |
|     i_data[280]      |    Input     |
|     i_data[281]      |    Input     |
|     i_data[282]      |    Input     |
|     i_data[283]      |    Input     |
|     i_data[284]      |    Input     |
|     i_data[285]      |    Input     |
|     i_data[286]      |    Input     |
|     i_data[287]      |    Input     |
|     i_data[288]      |    Input     |
|     i_data[289]      |    Input     |
|     i_data[290]      |    Input     |
|     i_data[291]      |    Input     |
|     i_data[292]      |    Input     |
|     i_data[293]      |    Input     |
|     i_data[294]      |    Input     |
|     i_data[295]      |    Input     |
|     i_data[296]      |    Input     |
|     i_data[297]      |    Input     |
|     i_data[298]      |    Input     |
|     i_data[299]      |    Input     |
|     i_data[300]      |    Input     |
|     i_data[301]      |    Input     |
|     i_data[302]      |    Input     |
|     i_data[303]      |    Input     |
|     i_data[304]      |    Input     |
|     i_data[305]      |    Input     |
|     i_data[306]      |    Input     |
|     i_data[307]      |    Input     |
|     i_data[308]      |    Input     |
|     i_data[309]      |    Input     |
|     i_data[310]      |    Input     |
|     i_data[311]      |    Input     |
|     i_data[312]      |    Input     |
|     i_data[313]      |    Input     |
|     i_data[314]      |    Input     |
|     i_data[315]      |    Input     |
|     i_data[316]      |    Input     |
|     i_data[317]      |    Input     |
|     i_data[318]      |    Input     |
|     i_data[319]      |    Input     |
|     i_data[320]      |    Input     |
|     i_data[321]      |    Input     |
|     i_data[322]      |    Input     |
|     i_data[323]      |    Input     |
|     i_data[324]      |    Input     |
|     i_data[325]      |    Input     |
|     i_data[326]      |    Input     |
|     i_data[327]      |    Input     |
|     i_data[328]      |    Input     |
|     i_data[329]      |    Input     |
|     i_data[330]      |    Input     |
|     i_data[331]      |    Input     |
|     i_data[332]      |    Input     |
|     i_data[333]      |    Input     |
|     i_data[334]      |    Input     |
|     i_data[335]      |    Input     |
|     i_data[336]      |    Input     |
|     i_data[337]      |    Input     |
|     i_data[338]      |    Input     |
|     i_data[339]      |    Input     |
|     i_data[340]      |    Input     |
|     i_data[341]      |    Input     |
|     i_data[342]      |    Input     |
|     i_data[343]      |    Input     |
|     i_data[344]      |    Input     |
|     i_data[345]      |    Input     |
|     i_data[346]      |    Input     |
|     i_data[347]      |    Input     |
|     i_data[348]      |    Input     |
|     i_data[349]      |    Input     |
|     i_data[350]      |    Input     |
|     i_data[351]      |    Input     |
|     i_data[352]      |    Input     |
|     i_data[353]      |    Input     |
|     i_data[354]      |    Input     |
|     i_data[355]      |    Input     |
|     i_data[356]      |    Input     |
|     i_data[357]      |    Input     |
|     i_data[358]      |    Input     |
|     i_data[359]      |    Input     |
|     i_data[360]      |    Input     |
|     i_data[361]      |    Input     |
|     i_data[362]      |    Input     |
|     i_data[363]      |    Input     |
|     i_data[364]      |    Input     |
|     i_data[365]      |    Input     |
|     i_data[366]      |    Input     |
|     i_data[367]      |    Input     |
|     i_data[368]      |    Input     |
|     i_data[369]      |    Input     |
|     i_data[370]      |    Input     |
|     i_data[371]      |    Input     |
|     i_data[372]      |    Input     |
|     i_data[373]      |    Input     |
|     i_data[374]      |    Input     |
|     i_data[375]      |    Input     |
|     i_data[376]      |    Input     |
|     i_data[377]      |    Input     |
|     i_data[378]      |    Input     |
|     i_data[379]      |    Input     |
|     i_data[380]      |    Input     |
|     i_data[381]      |    Input     |
|     i_data[382]      |    Input     |
|     i_data[383]      |    Input     |
|     i_data[384]      |    Input     |
|     i_data[385]      |    Input     |
|     i_data[386]      |    Input     |
|     i_data[387]      |    Input     |
|     i_data[388]      |    Input     |
|     i_data[389]      |    Input     |
|     i_data[390]      |    Input     |
|     i_data[391]      |    Input     |
|     i_data[392]      |    Input     |
|     i_data[393]      |    Input     |
|     i_data[394]      |    Input     |
|     i_data[395]      |    Input     |
|     i_data[396]      |    Input     |
|     i_data[397]      |    Input     |
|     i_data[398]      |    Input     |
|     i_data[399]      |    Input     |
|     i_data[400]      |    Input     |
|     i_data[401]      |    Input     |
|     i_data[402]      |    Input     |
|     i_data[403]      |    Input     |
|     i_data[404]      |    Input     |
|     i_data[405]      |    Input     |
|     i_data[406]      |    Input     |
|     i_data[407]      |    Input     |
|     i_data[408]      |    Input     |
|     i_data[409]      |    Input     |
|     i_data[410]      |    Input     |
|     i_data[411]      |    Input     |
|     i_data[412]      |    Input     |
|     i_data[413]      |    Input     |
|     i_data[414]      |    Input     |
|     i_data[415]      |    Input     |
|     i_data[416]      |    Input     |
|     i_data[417]      |    Input     |
|     i_data[418]      |    Input     |
|     i_data[419]      |    Input     |
|     i_data[420]      |    Input     |
|     i_data[421]      |    Input     |
|     i_data[422]      |    Input     |
|     i_data[423]      |    Input     |
|     i_data[424]      |    Input     |
|     i_data[425]      |    Input     |
|     i_data[426]      |    Input     |
|     i_data[427]      |    Input     |
|     i_data[428]      |    Input     |
|     i_data[429]      |    Input     |
|     i_data[430]      |    Input     |
|     i_data[431]      |    Input     |
|     i_data[432]      |    Input     |
|     i_data[433]      |    Input     |
|     i_data[434]      |    Input     |
|     i_data[435]      |    Input     |
|     i_data[436]      |    Input     |
|     i_data[437]      |    Input     |
|     i_data[438]      |    Input     |
|     i_data[439]      |    Input     |
|     i_data[440]      |    Input     |
|     i_data[441]      |    Input     |
|     i_data[442]      |    Input     |
|     i_data[443]      |    Input     |
|     i_data[444]      |    Input     |
|     i_data[445]      |    Input     |
|     i_data[446]      |    Input     |
|     i_data[447]      |    Input     |
|     i_data[448]      |    Input     |
|     i_data[449]      |    Input     |
|     i_data[450]      |    Input     |
|     i_data[451]      |    Input     |
|     i_data[452]      |    Input     |
|     i_data[453]      |    Input     |
|     i_data[454]      |    Input     |
|     i_data[455]      |    Input     |
|     i_data[456]      |    Input     |
|     i_data[457]      |    Input     |
|     i_data[458]      |    Input     |
|     i_data[459]      |    Input     |
|     i_data[460]      |    Input     |
|     i_data[461]      |    Input     |
|     i_data[462]      |    Input     |
|     i_data[463]      |    Input     |
|     i_data[464]      |    Input     |
|     i_data[465]      |    Input     |
|     i_data[466]      |    Input     |
|     i_data[467]      |    Input     |
|     i_data[468]      |    Input     |
|     i_data[469]      |    Input     |
|     i_data[470]      |    Input     |
|     i_data[471]      |    Input     |
|     i_data[472]      |    Input     |
|     i_data[473]      |    Input     |
|     i_data[474]      |    Input     |
|     i_data[475]      |    Input     |
|     i_data[476]      |    Input     |
|     i_data[477]      |    Input     |
|     i_data[478]      |    Input     |
|     i_data[479]      |    Input     |
|     i_data[480]      |    Input     |
|     i_data[481]      |    Input     |
|     i_data[482]      |    Input     |
|     i_data[483]      |    Input     |
|     i_data[484]      |    Input     |
|     i_data[485]      |    Input     |
|     i_data[486]      |    Input     |
|     i_data[487]      |    Input     |
|     i_data[488]      |    Input     |
|     i_data[489]      |    Input     |
|     i_data[490]      |    Input     |
|     i_data[491]      |    Input     |
|     i_data[492]      |    Input     |
|     i_data[493]      |    Input     |
|     i_data[494]      |    Input     |
|     i_data[495]      |    Input     |
|     i_data[496]      |    Input     |
|     i_data[497]      |    Input     |
|     i_data[498]      |    Input     |
|     i_data[499]      |    Input     |
|     i_data[500]      |    Input     |
|     i_data[501]      |    Input     |
|     i_data[502]      |    Input     |
|     i_data[503]      |    Input     |
|     i_data[504]      |    Input     |
|     i_data[505]      |    Input     |
|     i_data[506]      |    Input     |
|     i_data[507]      |    Input     |
|     i_data[508]      |    Input     |
|     i_data[509]      |    Input     |
|     i_data[510]      |    Input     |
|     i_data[511]      |    Input     |
|     signature[0]     |    Output    |
|     signature[1]     |    Output    |
|     signature[2]     |    Output    |
|     signature[3]     |    Output    |
|     signature[4]     |    Output    |
|     signature[5]     |    Output    |
|     signature[6]     |    Output    |
|     signature[7]     |    Output    |
|     signature[8]     |    Output    |
|     signature[9]     |    Output    |
|    signature[10]     |    Output    |
|    signature[11]     |    Output    |
|    signature[12]     |    Output    |
|    signature[13]     |    Output    |
|    signature[14]     |    Output    |
|    signature[15]     |    Output    |
|    signature[16]     |    Output    |
|    signature[17]     |    Output    |
|    signature[18]     |    Output    |
|    signature[19]     |    Output    |
|    signature[20]     |    Output    |
|    signature[21]     |    Output    |
|    signature[22]     |    Output    |
|    signature[23]     |    Output    |
|    signature[24]     |    Output    |
|    signature[25]     |    Output    |
|    signature[26]     |    Output    |
|    signature[27]     |    Output    |
|    signature[28]     |    Output    |
|    signature[29]     |    Output    |
|    signature[30]     |    Output    |
|    signature[31]     |    Output    |
|    signature[32]     |    Output    |
|    signature[33]     |    Output    |
|    signature[34]     |    Output    |
|    signature[35]     |    Output    |
|    signature[36]     |    Output    |
|    signature[37]     |    Output    |
|    signature[38]     |    Output    |
|    signature[39]     |    Output    |
|    signature[40]     |    Output    |
|    signature[41]     |    Output    |
|    signature[42]     |    Output    |
|    signature[43]     |    Output    |
|    signature[44]     |    Output    |
|    signature[45]     |    Output    |
|    signature[46]     |    Output    |
|    signature[47]     |    Output    |
|    signature[48]     |    Output    |
|    signature[49]     |    Output    |
|    signature[50]     |    Output    |
|    signature[51]     |    Output    |
|    signature[52]     |    Output    |
|    signature[53]     |    Output    |
|    signature[54]     |    Output    |
|    signature[55]     |    Output    |
|    signature[56]     |    Output    |
|    signature[57]     |    Output    |
|    signature[58]     |    Output    |
|    signature[59]     |    Output    |
|    signature[60]     |    Output    |
|    signature[61]     |    Output    |
|    signature[62]     |    Output    |
|    signature[63]     |    Output    |
|    signature[64]     |    Output    |
|    signature[65]     |    Output    |
|    signature[66]     |    Output    |
|    signature[67]     |    Output    |
|    signature[68]     |    Output    |
|    signature[69]     |    Output    |
|    signature[70]     |    Output    |
|    signature[71]     |    Output    |
|    signature[72]     |    Output    |
|    signature[73]     |    Output    |
|    signature[74]     |    Output    |
|    signature[75]     |    Output    |
|    signature[76]     |    Output    |
|    signature[77]     |    Output    |
|    signature[78]     |    Output    |
|    signature[79]     |    Output    |
|    signature[80]     |    Output    |
|    signature[81]     |    Output    |
|    signature[82]     |    Output    |
|    signature[83]     |    Output    |
|    signature[84]     |    Output    |
|    signature[85]     |    Output    |
|    signature[86]     |    Output    |
|    signature[87]     |    Output    |
|    signature[88]     |    Output    |
|    signature[89]     |    Output    |
|    signature[90]     |    Output    |
|    signature[91]     |    Output    |
|    signature[92]     |    Output    |
|    signature[93]     |    Output    |
|    signature[94]     |    Output    |
|    signature[95]     |    Output    |
|    signature[96]     |    Output    |
|    signature[97]     |    Output    |
|    signature[98]     |    Output    |
|    signature[99]     |    Output    |
|    signature[100]    |    Output    |
|    signature[101]    |    Output    |
|    signature[102]    |    Output    |
|    signature[103]    |    Output    |
|    signature[104]    |    Output    |
|    signature[105]    |    Output    |
|    signature[106]    |    Output    |
|    signature[107]    |    Output    |
|    signature[108]    |    Output    |
|    signature[109]    |    Output    |
|    signature[110]    |    Output    |
|    signature[111]    |    Output    |
|    signature[112]    |    Output    |
|    signature[113]    |    Output    |
|    signature[114]    |    Output    |
|    signature[115]    |    Output    |
|    signature[116]    |    Output    |
|    signature[117]    |    Output    |
|    signature[118]    |    Output    |
|    signature[119]    |    Output    |
|    signature[120]    |    Output    |
|    signature[121]    |    Output    |
|    signature[122]    |    Output    |
|    signature[123]    |    Output    |
|    signature[124]    |    Output    |
|    signature[125]    |    Output    |
|    signature[126]    |    Output    |
|    signature[127]    |    Output    |
|    signature[128]    |    Output    |
|    signature[129]    |    Output    |
|    signature[130]    |    Output    |
|    signature[131]    |    Output    |
|    signature[132]    |    Output    |
|    signature[133]    |    Output    |
|    signature[134]    |    Output    |
|    signature[135]    |    Output    |
|    signature[136]    |    Output    |
|    signature[137]    |    Output    |
|    signature[138]    |    Output    |
|    signature[139]    |    Output    |
|    signature[140]    |    Output    |
|    signature[141]    |    Output    |
|    signature[142]    |    Output    |
|    signature[143]    |    Output    |
|    signature[144]    |    Output    |
|    signature[145]    |    Output    |
|    signature[146]    |    Output    |
|    signature[147]    |    Output    |
|    signature[148]    |    Output    |
|    signature[149]    |    Output    |
|    signature[150]    |    Output    |
|    signature[151]    |    Output    |
|    signature[152]    |    Output    |
|    signature[153]    |    Output    |
|    signature[154]    |    Output    |
|    signature[155]    |    Output    |
|    signature[156]    |    Output    |
|    signature[157]    |    Output    |
|    signature[158]    |    Output    |
|    signature[159]    |    Output    |
|    signature[160]    |    Output    |
|    signature[161]    |    Output    |
|    signature[162]    |    Output    |
|    signature[163]    |    Output    |
|    signature[164]    |    Output    |
|    signature[165]    |    Output    |
|    signature[166]    |    Output    |
|    signature[167]    |    Output    |
|    signature[168]    |    Output    |
|    signature[169]    |    Output    |
|    signature[170]    |    Output    |
|    signature[171]    |    Output    |
|    signature[172]    |    Output    |
|    signature[173]    |    Output    |
|    signature[174]    |    Output    |
|    signature[175]    |    Output    |
|    signature[176]    |    Output    |
|    signature[177]    |    Output    |
|    signature[178]    |    Output    |
|    signature[179]    |    Output    |
|    signature[180]    |    Output    |
|    signature[181]    |    Output    |
|    signature[182]    |    Output    |
|    signature[183]    |    Output    |
|    signature[184]    |    Output    |
|    signature[185]    |    Output    |
|    signature[186]    |    Output    |
|    signature[187]    |    Output    |
|    signature[188]    |    Output    |
|    signature[189]    |    Output    |
|    signature[190]    |    Output    |
|    signature[191]    |    Output    |
|    signature[192]    |    Output    |
|    signature[193]    |    Output    |
|    signature[194]    |    Output    |
|    signature[195]    |    Output    |
|    signature[196]    |    Output    |
|    signature[197]    |    Output    |
|    signature[198]    |    Output    |
|    signature[199]    |    Output    |
|    signature[200]    |    Output    |
|    signature[201]    |    Output    |
|    signature[202]    |    Output    |
|    signature[203]    |    Output    |
|    signature[204]    |    Output    |
|    signature[205]    |    Output    |
|    signature[206]    |    Output    |
|    signature[207]    |    Output    |
|    signature[208]    |    Output    |
|    signature[209]    |    Output    |
|    signature[210]    |    Output    |
|    signature[211]    |    Output    |
|    signature[212]    |    Output    |
|    signature[213]    |    Output    |
|    signature[214]    |    Output    |
|    signature[215]    |    Output    |
|    signature[216]    |    Output    |
|    signature[217]    |    Output    |
|    signature[218]    |    Output    |
|    signature[219]    |    Output    |
|    signature[220]    |    Output    |
|    signature[221]    |    Output    |
|    signature[222]    |    Output    |
|    signature[223]    |    Output    |
|    signature[224]    |    Output    |
|    signature[225]    |    Output    |
|    signature[226]    |    Output    |
|    signature[227]    |    Output    |
|    signature[228]    |    Output    |
|    signature[229]    |    Output    |
|    signature[230]    |    Output    |
|    signature[231]    |    Output    |
|    signature[232]    |    Output    |
|    signature[233]    |    Output    |
|    signature[234]    |    Output    |
|    signature[235]    |    Output    |
|    signature[236]    |    Output    |
|    signature[237]    |    Output    |
|    signature[238]    |    Output    |
|    signature[239]    |    Output    |
|    signature[240]    |    Output    |
|    signature[241]    |    Output    |
|    signature[242]    |    Output    |
|    signature[243]    |    Output    |
|    signature[244]    |    Output    |
|    signature[245]    |    Output    |
|    signature[246]    |    Output    |
|    signature[247]    |    Output    |
|    signature[248]    |    Output    |
|    signature[249]    |    Output    |
|    signature[250]    |    Output    |
|    signature[251]    |    Output    |
|    signature[252]    |    Output    |
|    signature[253]    |    Output    |
|    signature[254]    |    Output    |
|    signature[255]    |    Output    |
|         clk          |    Input     |
|         rst          |    Input     |
+----------------------+--------------+

----------- IO Placement Summary (end) ----------

Elapsed time for placement: 0 hours 1 minutes 2 seconds
