
---------- Resource Summary (begin) ----------
Inputs: 9 / 1076 (0.84%)
Outputs: 3 / 1566 (0.19%)
Clocks: 2 / 16 (12.50%)
Logic Elements: 4310 / 112128 (3.84%)
	LE: LUTs/Adders: 3466 / 112128 (3.09%)
	LE: Registers: 1853 / 107520 (1.72%)
Memory Blocks: 448 / 1056 (42.42%)
Multipliers: 0 / 320 (0.00%)
---------- Resource Summary (end) ----------


---------- Resource Summary (begin) ----------
Inputs: 9 / 1076 (0.84%)
Outputs: 3 / 1566 (0.19%)
Clocks: 2 / 16 (12.50%)
Logic Elements: 4310 / 112128 (3.84%)
	LE: LUTs/Adders: 3466 / 112128 (3.09%)
	LE: Registers: 1853 / 107520 (1.72%)
Memory Blocks: 448 / 1056 (42.42%)
Multipliers: 0 / 320 (0.00%)
---------- Resource Summary (end) ----------


---------- Resource Summary (begin) ----------
Inputs: 9 / 1076 (0.84%)
Outputs: 3 / 1566 (0.19%)
Clocks: 2 / 16 (12.50%)
Logic Elements: 4310 / 112128 (3.84%)
	LE: LUTs/Adders: 3466 / 112128 (3.09%)
	LE: Registers: 1853 / 107520 (1.72%)
Memory Blocks: 448 / 1056 (42.42%)
Multipliers: 0 / 320 (0.00%)
---------- Resource Summary (end) ----------


---------- Resource Summary (begin) ----------
Inputs: 9 / 1076 (0.84%)
Outputs: 3 / 1566 (0.19%)
Clocks: 2 / 16 (12.50%)
Logic Elements: 4310 / 112128 (3.84%)
	LE: LUTs/Adders: 3466 / 112128 (3.09%)
	LE: Registers: 1853 / 107520 (1.72%)
Memory Blocks: 448 / 1056 (42.42%)
Multipliers: 0 / 320 (0.00%)
---------- Resource Summary (end) ----------


---------- Resource Summary (begin) ----------
Inputs: 9 / 1076 (0.84%)
Outputs: 3 / 1566 (0.19%)
Clocks: 2 / 16 (12.50%)
Logic Elements: 4310 / 112128 (3.84%)
	LE: LUTs/Adders: 3466 / 112128 (3.09%)
	LE: Registers: 1853 / 107520 (1.72%)
Memory Blocks: 448 / 1056 (42.42%)
Multipliers: 0 / 320 (0.00%)
---------- Resource Summary (end) ----------


---------- Resource Summary (begin) ----------
Inputs: 9 / 1076 (0.84%)
Outputs: 3 / 1566 (0.19%)
Clocks: 2 / 16 (12.50%)
Logic Elements: 4310 / 112128 (3.84%)
	LE: LUTs/Adders: 3466 / 112128 (3.09%)
	LE: Registers: 1853 / 107520 (1.72%)
Memory Blocks: 448 / 1056 (42.42%)
Multipliers: 0 / 320 (0.00%)
---------- Resource Summary (end) ----------

