
---------- Resource Summary (begin) ----------
Inputs: 404 / 1076 (37.55%)
Outputs: 583 / 1566 (37.23%)
Clocks: 2 / 16 (12.50%)
Logic Elements: 4548 / 112128 (4.06%)
	LE: LUTs/Adders: 1606 / 112128 (1.43%)
	LE: Registers: 3320 / 107520 (3.09%)
Memory Blocks: 0 / 1056 (0.00%)
Multipliers: 0 / 320 (0.00%)
---------- Resource Summary (end) ----------


---------- Resource Summary (begin) ----------
Inputs: 404 / 1076 (37.55%)
Outputs: 583 / 1566 (37.23%)
Clocks: 2 / 16 (12.50%)
Logic Elements: 4548 / 112128 (4.06%)
	LE: LUTs/Adders: 1606 / 112128 (1.43%)
	LE: Registers: 3320 / 107520 (3.09%)
Memory Blocks: 0 / 1056 (0.00%)
Multipliers: 0 / 320 (0.00%)
---------- Resource Summary (end) ----------


---------- Resource Summary (begin) ----------
Inputs: 404 / 1076 (37.55%)
Outputs: 583 / 1566 (37.23%)
Clocks: 2 / 16 (12.50%)
Logic Elements: 4548 / 112128 (4.06%)
	LE: LUTs/Adders: 1606 / 112128 (1.43%)
	LE: Registers: 3320 / 107520 (3.09%)
Memory Blocks: 0 / 1056 (0.00%)
Multipliers: 0 / 320 (0.00%)
---------- Resource Summary (end) ----------


---------- Resource Summary (begin) ----------
Inputs: 404 / 1076 (37.55%)
Outputs: 583 / 1566 (37.23%)
Clocks: 2 / 16 (12.50%)
Logic Elements: 4548 / 112128 (4.06%)
	LE: LUTs/Adders: 1606 / 112128 (1.43%)
	LE: Registers: 3320 / 107520 (3.09%)
Memory Blocks: 0 / 1056 (0.00%)
Multipliers: 0 / 320 (0.00%)
---------- Resource Summary (end) ----------


---------- Resource Summary (begin) ----------
Inputs: 404 / 1076 (37.55%)
Outputs: 583 / 1566 (37.23%)
Clocks: 2 / 16 (12.50%)
Logic Elements: 4548 / 112128 (4.06%)
	LE: LUTs/Adders: 1606 / 112128 (1.43%)
	LE: Registers: 3320 / 107520 (3.09%)
Memory Blocks: 0 / 1056 (0.00%)
Multipliers: 0 / 320 (0.00%)
---------- Resource Summary (end) ----------

